/global/common/software/nersc9/pytorch/2.8.0/lib/python3.12/site-packages/torch/cuda/__init__.py:63: FutureWarning: The pynvml package is deprecated. Please install nvidia-ml-py instead. If you did not install pynvml directly, please report this to the maintainers of the package that installed pynvml for you.
  import pynvml  # type: ignore[import]
[proj] engaged: D=16 R*s=0.0246002 res=82 cells=551368 cell_div=2 shell=125 s=0.322571 var=0.996251 O=64
[proj] engaged: D=16 R*s=0.0246002 res=82 cells=551368 cell_div=2 shell=125 s=0.322571 var=0.996249 O=64
[proj] engaged: D=16 R*s=0.0246002 res=82 cells=551368 cell_div=2 shell=125 s=0.322571 var=0.996251 O=64
[proj] engaged: D=16 R*s=0.0246002 res=82 cells=551368 cell_div=2 shell=125 s=0.322571 var=0.996248 O=64
[proj] engaged: D=16 R*s=0.0246002 res=82 cells=551368 cell_div=2 shell=125 s=0.322571 var=0.99625 O=64
[proj] engaged: D=16 R*s=0.0246002 res=82 cells=551368 cell_div=2 shell=125 s=0.322571 var=0.996251 O=64
[proj] engaged: D=16 R*s=0.0246002 res=82 cells=551368 cell_div=2 shell=125 s=0.322571 var=0.996249 O=64
[proj] engaged: D=16 R*s=0.0246002 res=82 cells=551368 cell_div=2 shell=125 s=0.322571 var=0.996247 O=64
[proj] engaged: D=16 R*s=0.0246002 res=82 cells=551368 cell_div=2 shell=125 s=0.322571 var=0.99625 O=64
[proj] engaged: D=16 R*s=0.0246002 res=82 cells=551368 cell_div=2 shell=125 s=0.322571 var=0.996248 O=64
[proj] engaged: D=16 R*s=0.0246002 res=82 cells=551368 cell_div=2 shell=125 s=0.322571 var=0.99625 O=64
[proj] engaged: D=16 R*s=0.0246002 res=82 cells=551368 cell_div=2 shell=125 s=0.322571 var=0.996251 O=64
[proj] engaged: D=16 R*s=0.0246002 res=82 cells=551368 cell_div=2 shell=125 s=0.322571 var=0.99625 O=64
[proj] engaged: D=16 R*s=0.0246002 res=82 cells=551368 cell_div=2 shell=125 s=0.322571 var=0.996248 O=64
[proj] engaged: D=16 R*s=0.0246002 res=82 cells=551368 cell_div=2 shell=125 s=0.322571 var=0.99625 O=64
[proj] engaged: D=16 R*s=0.0246002 res=82 cells=551368 cell_div=2 shell=125 s=0.322571 var=0.99625 O=64
[proj] engaged: D=16 R*s=0.0246002 res=82 cells=551368 cell_div=2 shell=125 s=0.322571 var=0.99625 O=64
[proj] engaged: D=16 R*s=0.0246002 res=82 cells=551368 cell_div=2 shell=125 s=0.322571 var=0.996251 O=64
[proj] engaged: D=16 R*s=0.0246002 res=82 cells=551368 cell_div=2 shell=125 s=0.322571 var=0.996249 O=64
[proj] engaged: D=16 R*s=0.0246002 res=82 cells=551368 cell_div=2 shell=125 s=0.322571 var=0.99625 O=64
[proj] engaged: D=16 R*s=0.0246002 res=82 cells=551368 cell_div=2 shell=125 s=0.322571 var=0.996251 O=64
[proj] engaged: D=16 R*s=0.0246002 res=82 cells=551368 cell_div=2 shell=125 s=0.322571 var=0.99625 O=64
[proj] engaged: D=16 R*s=0.0246002 res=82 cells=551368 cell_div=2 shell=125 s=0.322571 var=0.996251 O=64
[proj] engaged: D=16 R*s=0.0246002 res=82 cells=551368 cell_div=2 shell=125 s=0.322571 var=0.99625 O=64
[proj] engaged: D=16 R*s=0.0246002 res=82 cells=551368 cell_div=2 shell=125 s=0.322571 var=0.996251 O=64
[proj] engaged: D=16 R*s=0.0246002 res=82 cells=551368 cell_div=2 shell=125 s=0.322571 var=0.996251 O=64
[proj] engaged: D=16 R*s=0.0246002 res=82 cells=551368 cell_div=2 shell=125 s=0.322571 var=0.996249 O=64
[proj] engaged: D=16 R*s=0.0246002 res=82 cells=551368 cell_div=2 shell=125 s=0.322571 var=0.99625 O=64
[proj] engaged: D=16 R*s=0.0246002 res=82 cells=551368 cell_div=2 shell=125 s=0.322571 var=0.99625 O=64
[proj] engaged: D=16 R*s=0.0246002 res=82 cells=551368 cell_div=2 shell=125 s=0.322571 var=0.996249 O=64
[proj] engaged: D=16 R*s=0.0285535 res=71 cells=357911 cell_div=2 shell=125 s=0.376685 var=0.99375 O=64
[proj] engaged: D=16 R*s=0.0285535 res=71 cells=357911 cell_div=2 shell=125 s=0.376685 var=0.99375 O=64
[proj] engaged: D=16 R*s=0.0285534 res=71 cells=357911 cell_div=2 shell=125 s=0.376685 var=0.993751 O=64
[proj] engaged: D=16 R*s=0.0285535 res=71 cells=357911 cell_div=2 shell=125 s=0.376685 var=0.99375 O=64
[proj] engaged: D=16 R*s=0.0285535 res=71 cells=357911 cell_div=2 shell=125 s=0.376685 var=0.99375 O=64
[proj] engaged: D=16 R*s=0.0285534 res=71 cells=357911 cell_div=2 shell=125 s=0.376685 var=0.993749 O=64
[proj] engaged: D=16 R*s=0.0285534 res=71 cells=357911 cell_div=2 shell=125 s=0.376685 var=0.99375 O=64
[proj] engaged: D=16 R*s=0.0285534 res=71 cells=357911 cell_div=2 shell=125 s=0.376685 var=0.99375 O=64
[proj] engaged: D=16 R*s=0.0285534 res=71 cells=357911 cell_div=2 shell=125 s=0.376685 var=0.993749 O=64
[proj] engaged: D=16 R*s=0.0285535 res=71 cells=357911 cell_div=2 shell=125 s=0.376685 var=0.99375 O=64
[proj] engaged: D=16 R*s=0.0285535 res=71 cells=357911 cell_div=2 shell=125 s=0.376685 var=0.993752 O=64
[proj] engaged: D=16 R*s=0.0285535 res=71 cells=357911 cell_div=2 shell=125 s=0.376685 var=0.993751 O=64
[proj] engaged: D=16 R*s=0.0285535 res=71 cells=357911 cell_div=2 shell=125 s=0.376685 var=0.99375 O=64
[proj] engaged: D=16 R*s=0.0285535 res=71 cells=357911 cell_div=2 shell=125 s=0.376685 var=0.99375 O=64
[proj] engaged: D=16 R*s=0.0285535 res=71 cells=357911 cell_div=2 shell=125 s=0.376685 var=0.993748 O=64
[proj] engaged: D=16 R*s=0.0285535 res=71 cells=357911 cell_div=2 shell=125 s=0.376685 var=0.993748 O=64
[proj] engaged: D=16 R*s=0.0285535 res=71 cells=357911 cell_div=2 shell=125 s=0.376685 var=0.993749 O=64
[proj] engaged: D=16 R*s=0.0285535 res=71 cells=357911 cell_div=2 shell=125 s=0.376685 var=0.993751 O=64
[proj] engaged: D=16 R*s=0.0285535 res=71 cells=357911 cell_div=2 shell=125 s=0.376685 var=0.993749 O=64
[proj] engaged: D=16 R*s=0.0285535 res=71 cells=357911 cell_div=2 shell=125 s=0.376685 var=0.99375 O=64
[proj] engaged: D=16 R*s=0.0285535 res=71 cells=357911 cell_div=2 shell=125 s=0.376685 var=0.993749 O=64
[proj] engaged: D=16 R*s=0.0285535 res=71 cells=357911 cell_div=2 shell=125 s=0.376685 var=0.993751 O=64
[proj] engaged: D=16 R*s=0.0285535 res=71 cells=357911 cell_div=2 shell=125 s=0.376685 var=0.993748 O=64
[proj] engaged: D=16 R*s=0.0285535 res=71 cells=357911 cell_div=2 shell=125 s=0.376685 var=0.993748 O=64
[proj] engaged: D=16 R*s=0.0285534 res=71 cells=357911 cell_div=2 shell=125 s=0.376685 var=0.993748 O=64
[proj] engaged: D=16 R*s=0.0285535 res=71 cells=357911 cell_div=2 shell=125 s=0.376685 var=0.993749 O=64
[proj] engaged: D=16 R*s=0.0285535 res=71 cells=357911 cell_div=2 shell=125 s=0.376685 var=0.99375 O=64
[proj] engaged: D=16 R*s=0.0285534 res=71 cells=357911 cell_div=2 shell=125 s=0.376685 var=0.993749 O=64
[proj] engaged: D=16 R*s=0.0285535 res=71 cells=357911 cell_div=2 shell=125 s=0.376685 var=0.993749 O=64
[proj] engaged: D=16 R*s=0.0285535 res=71 cells=357911 cell_div=2 shell=125 s=0.376685 var=0.993748 O=64
[proj] engaged: D=16 R*s=0.0200497 res=100 cells=1000000 cell_div=2 shell=125 s=0.350006 var=0.997532 O=64
[proj] engaged: D=16 R*s=0.0200497 res=100 cells=1000000 cell_div=2 shell=125 s=0.350006 var=0.997529 O=64
[proj] engaged: D=16 R*s=0.0200497 res=100 cells=1000000 cell_div=2 shell=125 s=0.350006 var=0.99753 O=64
[proj] engaged: D=16 R*s=0.0200497 res=100 cells=1000000 cell_div=2 shell=125 s=0.350006 var=0.997529 O=64
[proj] engaged: D=16 R*s=0.0200497 res=100 cells=1000000 cell_div=2 shell=125 s=0.350006 var=0.997531 O=64
[proj] engaged: D=16 R*s=0.0200497 res=100 cells=1000000 cell_div=2 shell=125 s=0.350006 var=0.997531 O=64
[proj] engaged: D=16 R*s=0.0200497 res=100 cells=1000000 cell_div=2 shell=125 s=0.350006 var=0.99753 O=64
[proj] engaged: D=16 R*s=0.0200497 res=100 cells=1000000 cell_div=2 shell=125 s=0.350006 var=0.997529 O=64
[proj] engaged: D=16 R*s=0.0200497 res=100 cells=1000000 cell_div=2 shell=125 s=0.350006 var=0.997531 O=64
[proj] engaged: D=16 R*s=0.0200497 res=100 cells=1000000 cell_div=2 shell=125 s=0.350006 var=0.99753 O=64
[proj] engaged: D=16 R*s=0.0200497 res=100 cells=1000000 cell_div=2 shell=125 s=0.350006 var=0.997531 O=64
[proj] engaged: D=16 R*s=0.0200497 res=100 cells=1000000 cell_div=2 shell=125 s=0.350006 var=0.997529 O=64
[proj] engaged: D=16 R*s=0.0200497 res=100 cells=1000000 cell_div=2 shell=125 s=0.350006 var=0.997531 O=64
[proj] engaged: D=16 R*s=0.0200497 res=100 cells=1000000 cell_div=2 shell=125 s=0.350006 var=0.997528 O=64
[proj] engaged: D=16 R*s=0.0200497 res=100 cells=1000000 cell_div=2 shell=125 s=0.350006 var=0.997531 O=64
[proj] engaged: D=16 R*s=0.0200497 res=100 cells=1000000 cell_div=2 shell=125 s=0.350006 var=0.997531 O=64
[proj] engaged: D=16 R*s=0.0200497 res=100 cells=1000000 cell_div=2 shell=125 s=0.350006 var=0.997528 O=64
[proj] engaged: D=16 R*s=0.0200497 res=100 cells=1000000 cell_div=2 shell=125 s=0.350006 var=0.99753 O=64
[proj] engaged: D=16 R*s=0.0200497 res=100 cells=1000000 cell_div=2 shell=125 s=0.350006 var=0.997533 O=64
[proj] engaged: D=16 R*s=0.0200497 res=100 cells=1000000 cell_div=2 shell=125 s=0.350006 var=0.997529 O=64
[proj] engaged: D=16 R*s=0.0200497 res=100 cells=1000000 cell_div=2 shell=125 s=0.350006 var=0.997528 O=64
[proj] engaged: D=16 R*s=0.0200497 res=100 cells=1000000 cell_div=2 shell=125 s=0.350006 var=0.997531 O=64
[proj] engaged: D=16 R*s=0.0200497 res=100 cells=1000000 cell_div=2 shell=125 s=0.350006 var=0.99753 O=64
[proj] engaged: D=16 R*s=0.0200497 res=100 cells=1000000 cell_div=2 shell=125 s=0.350006 var=0.997529 O=64
[proj] engaged: D=16 R*s=0.0200497 res=100 cells=1000000 cell_div=2 shell=125 s=0.350006 var=0.997531 O=64
[proj] engaged: D=16 R*s=0.0200497 res=100 cells=1000000 cell_div=2 shell=125 s=0.350006 var=0.997533 O=64
[proj] engaged: D=16 R*s=0.0200497 res=100 cells=1000000 cell_div=2 shell=125 s=0.350006 var=0.99753 O=64
[proj] engaged: D=16 R*s=0.0200497 res=100 cells=1000000 cell_div=2 shell=125 s=0.350006 var=0.997529 O=64
[proj] engaged: D=16 R*s=0.0200497 res=100 cells=1000000 cell_div=2 shell=125 s=0.350006 var=0.997531 O=64
[proj] engaged: D=16 R*s=0.0200497 res=100 cells=1000000 cell_div=2 shell=125 s=0.350006 var=0.997533 O=64
[proj] engaged: D=16 R*s=0.0225239 res=89 cells=704969 cell_div=2 shell=125 s=0.398527 var=0.997385 O=64
[proj] engaged: D=16 R*s=0.0225239 res=89 cells=704969 cell_div=2 shell=125 s=0.398526 var=0.997386 O=64
[proj] engaged: D=16 R*s=0.0225239 res=89 cells=704969 cell_div=2 shell=125 s=0.398526 var=0.997386 O=64
[proj] engaged: D=16 R*s=0.0225239 res=89 cells=704969 cell_div=2 shell=125 s=0.398527 var=0.997387 O=64
[proj] engaged: D=16 R*s=0.0225239 res=89 cells=704969 cell_div=2 shell=125 s=0.398526 var=0.997387 O=64
[proj] engaged: D=16 R*s=0.0225239 res=89 cells=704969 cell_div=2 shell=125 s=0.398526 var=0.997386 O=64
[proj] engaged: D=16 R*s=0.0225239 res=89 cells=704969 cell_div=2 shell=125 s=0.398526 var=0.997387 O=64
[proj] engaged: D=16 R*s=0.0225239 res=89 cells=704969 cell_div=2 shell=125 s=0.398526 var=0.997387 O=64
[proj] engaged: D=16 R*s=0.0225239 res=89 cells=704969 cell_div=2 shell=125 s=0.398527 var=0.997383 O=64
[proj] engaged: D=16 R*s=0.0225239 res=89 cells=704969 cell_div=2 shell=125 s=0.398527 var=0.997387 O=64
[proj] engaged: D=16 R*s=0.0225239 res=89 cells=704969 cell_div=2 shell=125 s=0.398527 var=0.997385 O=64
[proj] engaged: D=16 R*s=0.0225239 res=89 cells=704969 cell_div=2 shell=125 s=0.398526 var=0.997386 O=64
[proj] engaged: D=16 R*s=0.0225239 res=89 cells=704969 cell_div=2 shell=125 s=0.398526 var=0.997386 O=64
[proj] engaged: D=16 R*s=0.0225239 res=89 cells=704969 cell_div=2 shell=125 s=0.398527 var=0.997387 O=64
[proj] engaged: D=16 R*s=0.0225239 res=89 cells=704969 cell_div=2 shell=125 s=0.398526 var=0.997388 O=64
[proj] engaged: D=16 R*s=0.0225239 res=89 cells=704969 cell_div=2 shell=125 s=0.398526 var=0.997387 O=64
[proj] engaged: D=16 R*s=0.0225239 res=89 cells=704969 cell_div=2 shell=125 s=0.398526 var=0.997386 O=64
[proj] engaged: D=16 R*s=0.0225239 res=89 cells=704969 cell_div=2 shell=125 s=0.398526 var=0.997386 O=64
[proj] engaged: D=16 R*s=0.0225239 res=89 cells=704969 cell_div=2 shell=125 s=0.398526 var=0.997386 O=64
[proj] engaged: D=16 R*s=0.0225239 res=89 cells=704969 cell_div=2 shell=125 s=0.398527 var=0.997387 O=64
[proj] engaged: D=16 R*s=0.0225239 res=89 cells=704969 cell_div=2 shell=125 s=0.398527 var=0.997386 O=64
[proj] engaged: D=16 R*s=0.0225239 res=89 cells=704969 cell_div=2 shell=125 s=0.398526 var=0.997387 O=64
[proj] engaged: D=16 R*s=0.0225239 res=89 cells=704969 cell_div=2 shell=125 s=0.398527 var=0.997386 O=64
[proj] engaged: D=16 R*s=0.0225239 res=89 cells=704969 cell_div=2 shell=125 s=0.398527 var=0.997386 O=64
[proj] engaged: D=16 R*s=0.0225239 res=89 cells=704969 cell_div=2 shell=125 s=0.398526 var=0.997386 O=64
[proj] engaged: D=16 R*s=0.0225239 res=89 cells=704969 cell_div=2 shell=125 s=0.398526 var=0.997387 O=64
[proj] engaged: D=16 R*s=0.0225239 res=89 cells=704969 cell_div=2 shell=125 s=0.398527 var=0.997387 O=64
[proj] engaged: D=16 R*s=0.0225239 res=89 cells=704969 cell_div=2 shell=125 s=0.398527 var=0.997388 O=64
[proj] engaged: D=16 R*s=0.0225239 res=89 cells=704969 cell_div=2 shell=125 s=0.398526 var=0.997388 O=64
[proj] engaged: D=16 R*s=0.0225239 res=89 cells=704969 cell_div=2 shell=125 s=0.398526 var=0.997386 O=64
[proj] engaged: D=16 R*s=0.0233192 res=86 cells=636056 cell_div=2 shell=125 s=0.404518 var=0.995815 O=64
[proj] engaged: D=16 R*s=0.0233192 res=86 cells=636056 cell_div=2 shell=125 s=0.404518 var=0.995815 O=64
[proj] engaged: D=16 R*s=0.0233192 res=86 cells=636056 cell_div=2 shell=125 s=0.404517 var=0.995816 O=64
[proj] engaged: D=16 R*s=0.0233192 res=86 cells=636056 cell_div=2 shell=125 s=0.404517 var=0.995815 O=64
[proj] engaged: D=16 R*s=0.0233192 res=86 cells=636056 cell_div=2 shell=125 s=0.404517 var=0.995816 O=64
[proj] engaged: D=16 R*s=0.0233192 res=86 cells=636056 cell_div=2 shell=125 s=0.404517 var=0.995816 O=64
[proj] engaged: D=16 R*s=0.0233192 res=86 cells=636056 cell_div=2 shell=125 s=0.404518 var=0.995816 O=64
[proj] engaged: D=16 R*s=0.0233192 res=86 cells=636056 cell_div=2 shell=125 s=0.404517 var=0.995816 O=64
[proj] engaged: D=16 R*s=0.0233192 res=86 cells=636056 cell_div=2 shell=125 s=0.404517 var=0.995815 O=64
[proj] engaged: D=16 R*s=0.0233192 res=86 cells=636056 cell_div=2 shell=125 s=0.404518 var=0.995814 O=64
[proj] engaged: D=16 R*s=0.0233192 res=86 cells=636056 cell_div=2 shell=125 s=0.404517 var=0.995815 O=64
[proj] engaged: D=16 R*s=0.0233192 res=86 cells=636056 cell_div=2 shell=125 s=0.404517 var=0.995815 O=64
[proj] engaged: D=16 R*s=0.0233192 res=86 cells=636056 cell_div=2 shell=125 s=0.404517 var=0.995816 O=64
[proj] engaged: D=16 R*s=0.0233192 res=86 cells=636056 cell_div=2 shell=125 s=0.404518 var=0.995815 O=64
[proj] engaged: D=16 R*s=0.0233192 res=86 cells=636056 cell_div=2 shell=125 s=0.404517 var=0.995814 O=64
[proj] engaged: D=16 R*s=0.0233192 res=86 cells=636056 cell_div=2 shell=125 s=0.404518 var=0.995816 O=64
[proj] engaged: D=16 R*s=0.0233192 res=86 cells=636056 cell_div=2 shell=125 s=0.404517 var=0.995816 O=64
[proj] engaged: D=16 R*s=0.0233192 res=86 cells=636056 cell_div=2 shell=125 s=0.404517 var=0.995815 O=64
[proj] engaged: D=16 R*s=0.0233192 res=86 cells=636056 cell_div=2 shell=125 s=0.404517 var=0.995814 O=64
[proj] engaged: D=16 R*s=0.0233192 res=86 cells=636056 cell_div=2 shell=125 s=0.404517 var=0.995814 O=64
[proj] engaged: D=16 R*s=0.0233192 res=86 cells=636056 cell_div=2 shell=125 s=0.404517 var=0.995815 O=64
[proj] engaged: D=16 R*s=0.0233192 res=86 cells=636056 cell_div=2 shell=125 s=0.404518 var=0.995815 O=64
[proj] engaged: D=16 R*s=0.0233192 res=86 cells=636056 cell_div=2 shell=125 s=0.404517 var=0.995816 O=64
[proj] engaged: D=16 R*s=0.0233192 res=86 cells=636056 cell_div=2 shell=125 s=0.404518 var=0.995816 O=64
[proj] engaged: D=16 R*s=0.0233192 res=86 cells=636056 cell_div=2 shell=125 s=0.404517 var=0.995815 O=64
[proj] engaged: D=16 R*s=0.0233192 res=86 cells=636056 cell_div=2 shell=125 s=0.404518 var=0.995814 O=64
[proj] engaged: D=16 R*s=0.0233192 res=86 cells=636056 cell_div=2 shell=125 s=0.404518 var=0.995817 O=64
[proj] engaged: D=16 R*s=0.0233192 res=86 cells=636056 cell_div=2 shell=125 s=0.404517 var=0.995817 O=64
[proj] engaged: D=16 R*s=0.0233192 res=86 cells=636056 cell_div=2 shell=125 s=0.404517 var=0.995814 O=64
[proj] engaged: D=16 R*s=0.0233192 res=86 cells=636056 cell_div=2 shell=125 s=0.404517 var=0.995815 O=64
[proj] engaged: D=12 R*s=0.0231709 res=87 cells=658503 cell_div=2 shell=125 s=0.431528 var=0.997639 O=64
[proj] engaged: D=12 R*s=0.0231709 res=87 cells=658503 cell_div=2 shell=125 s=0.431528 var=0.99764 O=64
[proj] engaged: D=12 R*s=0.0231709 res=87 cells=658503 cell_div=2 shell=125 s=0.431528 var=0.997641 O=64
[proj] engaged: D=12 R*s=0.0231709 res=87 cells=658503 cell_div=2 shell=125 s=0.431528 var=0.997639 O=64
[proj] engaged: D=12 R*s=0.0231709 res=87 cells=658503 cell_div=2 shell=125 s=0.431528 var=0.997641 O=64
[proj] engaged: D=12 R*s=0.0231709 res=87 cells=658503 cell_div=2 shell=125 s=0.431528 var=0.997638 O=64
[proj] engaged: D=12 R*s=0.0231709 res=87 cells=658503 cell_div=2 shell=125 s=0.431528 var=0.99764 O=64
[proj] engaged: D=12 R*s=0.0231709 res=87 cells=658503 cell_div=2 shell=125 s=0.431528 var=0.997639 O=64
[proj] engaged: D=12 R*s=0.0231709 res=87 cells=658503 cell_div=2 shell=125 s=0.431528 var=0.997641 O=64
[proj] engaged: D=12 R*s=0.0231709 res=87 cells=658503 cell_div=2 shell=125 s=0.431528 var=0.997642 O=64
[proj] engaged: D=12 R*s=0.0231709 res=87 cells=658503 cell_div=2 shell=125 s=0.431528 var=0.99764 O=64
[proj] engaged: D=12 R*s=0.0231709 res=87 cells=658503 cell_div=2 shell=125 s=0.431528 var=0.99764 O=64
[proj] engaged: D=12 R*s=0.0231709 res=87 cells=658503 cell_div=2 shell=125 s=0.431528 var=0.997639 O=64
[proj] engaged: D=12 R*s=0.0231709 res=87 cells=658503 cell_div=2 shell=125 s=0.431528 var=0.997641 O=64
[proj] engaged: D=12 R*s=0.0231709 res=87 cells=658503 cell_div=2 shell=125 s=0.431528 var=0.997641 O=64
[proj] engaged: D=12 R*s=0.0231709 res=87 cells=658503 cell_div=2 shell=125 s=0.431528 var=0.997638 O=64
[proj] engaged: D=12 R*s=0.0231709 res=87 cells=658503 cell_div=2 shell=125 s=0.431528 var=0.99764 O=64
[proj] engaged: D=12 R*s=0.0231709 res=87 cells=658503 cell_div=2 shell=125 s=0.431528 var=0.997641 O=64
[proj] engaged: D=12 R*s=0.0231709 res=87 cells=658503 cell_div=2 shell=125 s=0.431528 var=0.997639 O=64
[proj] engaged: D=12 R*s=0.0231709 res=87 cells=658503 cell_div=2 shell=125 s=0.431528 var=0.99764 O=64
[proj] engaged: D=12 R*s=0.0231709 res=87 cells=658503 cell_div=2 shell=125 s=0.431528 var=0.99764 O=64
[proj] engaged: D=12 R*s=0.0231709 res=87 cells=658503 cell_div=2 shell=125 s=0.431528 var=0.997639 O=64
[proj] engaged: D=12 R*s=0.0231709 res=87 cells=658503 cell_div=2 shell=125 s=0.431529 var=0.997639 O=64
[proj] engaged: D=12 R*s=0.0231709 res=87 cells=658503 cell_div=2 shell=125 s=0.431528 var=0.997639 O=64
[proj] engaged: D=12 R*s=0.0231709 res=87 cells=658503 cell_div=2 shell=125 s=0.431528 var=0.99764 O=64
[proj] engaged: D=12 R*s=0.0231709 res=87 cells=658503 cell_div=2 shell=125 s=0.431528 var=0.99764 O=64
[proj] engaged: D=12 R*s=0.0231709 res=87 cells=658503 cell_div=2 shell=125 s=0.431528 var=0.997639 O=64
[proj] engaged: D=12 R*s=0.0231709 res=87 cells=658503 cell_div=2 shell=125 s=0.431528 var=0.99764 O=64
[proj] engaged: D=12 R*s=0.0231709 res=87 cells=658503 cell_div=2 shell=125 s=0.431528 var=0.997639 O=64
[proj] engaged: D=12 R*s=0.0231709 res=87 cells=658503 cell_div=2 shell=125 s=0.431528 var=0.99764 O=64

=== distribution: lowrank (intrinsic=3, noise=0.02) ===

────────────────────────────────────────────────────────
  D3_N100000  R=0.03316 (calibrated, lowrank)
────────────────────────────────────────────────────────
  FRNN=0.47170800098683685ms  FRNN-proj=Nonems  FAISS=89.99466800014488ms  FlashLib=38.747143000364304ms  xju2=1.1355830065440387ms

────────────────────────────────────────────────────────
  D3_N200000  R=0.02629 (calibrated, lowrank)
────────────────────────────────────────────────────────
  FRNN=0.8779494964983314ms  FRNN-proj=Nonems  FAISS=357.32166600064375ms  FlashLib=129.44005700410344ms  xju2=1.4761420025024563ms

────────────────────────────────────────────────────────
  D3_N300000  R=0.02302 (calibrated, lowrank)
────────────────────────────────────────────────────────
  FRNN=1.5255430043907836ms  FRNN-proj=Nonems  FAISS=811.3035270071123ms  FlashLib=273.09478449751623ms  xju2=1.7851560114650056ms

────────────────────────────────────────────────────────
  D3_N400000  R=0.02074 (calibrated, lowrank)
────────────────────────────────────────────────────────
  FRNN=2.3419884964823723ms  FRNN-proj=Nonems  FAISS=1444.7635160031496ms  FlashLib=456.16404149041045ms  xju2=2.145758509868756ms
  !! REGRESSION: FRNN 2.34ms > xju2 2.15ms — see §4.3 diagnostics

────────────────────────────────────────────────────────
  D3_N500000  R=0.01934 (calibrated, lowrank)
────────────────────────────────────────────────────────
  FRNN=3.1814940157346427ms  FRNN-proj=Nonems  FAISS=2244.289354493958ms  FlashLib=696.7618405033136ms  xju2=2.458950490108691ms
  !! REGRESSION: FRNN 3.18ms > xju2 2.46ms — see §4.3 diagnostics

────────────────────────────────────────────────────────
  D16_N100000  R=0.07626 (calibrated, lowrank)
────────────────────────────────────────────────────────
  FRNN=5.549142486415803ms  FRNN-proj=473.7267705058912ms  FAISS=90.27415749733336ms  FlashLib=38.67689501203131ms  xju2=5.709633493097499ms

────────────────────────────────────────────────────────
  D16_N200000  R=0.07580 (calibrated, lowrank)
────────────────────────────────────────────────────────
  FRNN=17.961875506443903ms  FRNN-proj=1080.0690239848336ms  FAISS=358.66885748691857ms  FlashLib=129.28179900336545ms  xju2=30.3582360065775ms

────────────────────────────────────────────────────────
  D16_N300000  R=0.05728 (calibrated, lowrank)
────────────────────────────────────────────────────────
  FRNN=24.270197012810968ms  FRNN-proj=1403.2407570048235ms  FAISS=816.9181184930494ms  FlashLib=273.04218799690716ms  xju2=31.75973950419575ms

────────────────────────────────────────────────────────
  D16_N400000  R=0.05652 (calibrated, lowrank)
────────────────────────────────────────────────────────
  FRNN=35.29737750068307ms  FRNN-proj=1870.3377655037912ms  FAISS=1451.4106169954175ms  FlashLib=455.98484501533676ms  xju2=26.170173499849625ms
  !! REGRESSION: FRNN 35.30ms > xju2 26.17ms — see §4.3 diagnostics

────────────────────────────────────────────────────────
  D16_N500000  R=0.05765 (calibrated, lowrank)
────────────────────────────────────────────────────────
  FRNN=53.937798002152704ms  FRNN-proj=2322.9556099977344ms  FAISS=2255.6813239934854ms  FlashLib=696.5575844951672ms  xju2=36.53963301621843ms
  !! REGRESSION: FRNN 53.94ms > xju2 36.54ms — see §4.3 diagnostics

────────────────────────────────────────────────────────
  D12_N200000  R=0.05369 (calibrated, lowrank)
────────────────────────────────────────────────────────
  FRNN=11.773199003073387ms  FRNN-proj=1026.8152064963942ms  FAISS=357.39932500291616ms  FlashLib=129.42385699716397ms  xju2=6.5561835072003305ms
  !! REGRESSION: FRNN 11.77ms > xju2 6.56ms — see §4.3 diagnostics

→ benchmark_results.json
  → benchmark_comparison.png
