
────────────────────────────────────────────────────────
  D3_N10000  R=0.07256
────────────────────────────────────────────────────────
  FRNN=0.3997388994321227ms  FAISS=1.6293120570480824ms  PyG=2.394529525190592ms  xju2=0.905689550563693ms

────────────────────────────────────────────────────────
  D3_N25000  R=0.05346
────────────────────────────────────────────────────────
  FRNN=0.44665043242275715ms  FAISS=7.2774895234033465ms  PyG=5.722351954318583ms  xju2=0.9289194131270051ms

────────────────────────────────────────────────────────
  D3_N50000  R=0.04243
────────────────────────────────────────────────────────
  FRNN=0.5900788819417357ms  FAISS=24.379908456467092ms  PyG=12.243585893884301ms  xju2=0.9757054504007101ms

────────────────────────────────────────────────────────
  D3_N75000  R=0.03707
────────────────────────────────────────────────────────
  FRNN=0.7555735064670444ms  FAISS=53.28262457624078ms  PyG=21.388087538070977ms  xju2=1.1190485674887896ms

────────────────────────────────────────────────────────
  D3_N100000  R=0.03368
────────────────────────────────────────────────────────
  FRNN=0.9561070473864675ms  FAISS=93.17792300134897ms  PyG=36.645546555519104ms  xju2=1.1368425330147147ms

────────────────────────────────────────────────────────
  D3_N150000  R=0.02942
────────────────────────────────────────────────────────
  FRNN=1.4091050252318382ms  FAISS=209.5373625634238ms  PyG=79.92333348374814ms  xju2=1.363902585580945ms
  !! REGRESSION: FRNN 1.41ms > xju2 1.36ms — see §4.3 diagnostics

────────────────────────────────────────────────────────
  D3_N200000  R=0.02673
────────────────────────────────────────────────────────
  FRNN=2.3197095142677426ms  FAISS=363.9165220083669ms  PyG=135.9014860354364ms  xju2=1.481575076468289ms
  !! REGRESSION: FRNN 2.32ms > xju2 1.48ms — see §4.3 diagnostics

────────────────────────────────────────────────────────
  D16_N10000  R=0.73203
────────────────────────────────────────────────────────
    [xju2] D=16 unsupported (lxxue FRNN is 2D/3D only), skipping
  FRNN=2.2446289658546448ms  FAISS=1.6905654920265079ms  PyG=17.162708449177444ms  xju2=Nonems
  !! REGRESSION: FRNN 2.24ms > FAISS 1.69ms — see §4.3 diagnostics

────────────────────────────────────────────────────────
  D16_N25000  R=0.69128
────────────────────────────────────────────────────────
    [xju2] D=16 unsupported (lxxue FRNN is 2D/3D only), skipping
  FRNN=6.7980565363541245ms  FAISS=7.104008924216032ms  PyG=42.692484450526536ms  xju2=Nonems

────────────────────────────────────────────────────────
  D16_N50000  R=0.66198
────────────────────────────────────────────────────────
    [xju2] D=16 unsupported (lxxue FRNN is 2D/3D only), skipping
  FRNN=19.325699540786445ms  FAISS=24.524697568267584ms  PyG=157.2956935269758ms  xju2=Nonems

────────────────────────────────────────────────────────
  D16_N75000  R=0.64541
────────────────────────────────────────────────────────
    [xju2] D=16 unsupported (lxxue FRNN is 2D/3D only), skipping
  FRNN=48.84238447993994ms  FAISS=53.57094097416848ms  PyG=351.9335435703397ms  xju2=Nonems

────────────────────────────────────────────────────────
  D16_N100000  R=0.63391
────────────────────────────────────────────────────────
    [xju2] D=16 unsupported (lxxue FRNN is 2D/3D only), skipping
  FRNN=65.07862848229706ms  FAISS=94.09756399691105ms  PyG=626.966247567907ms  xju2=Nonems

────────────────────────────────────────────────────────
  D16_N150000  R=0.61805
────────────────────────────────────────────────────────
    [xju2] D=16 unsupported (lxxue FRNN is 2D/3D only), skipping
  FRNN=143.4444454498589ms  FAISS=210.9326720237732ms  PyG=1406.7868979182094ms  xju2=Nonems

────────────────────────────────────────────────────────
  D16_N200000  R=0.60703
────────────────────────────────────────────────────────
    [xju2] D=16 unsupported (lxxue FRNN is 2D/3D only), skipping
  FRNN=251.63472397252917ms  FAISS=365.166197065264ms  PyG=2499.3208824889734ms  xju2=Nonems

→ benchmark_results.json
  → benchmark_comparison.png
