/global/common/software/nersc9/pytorch/2.8.0/lib/python3.12/site-packages/torch/cuda/__init__.py:63: FutureWarning: The pynvml package is deprecated. Please install nvidia-ml-py instead. If you did not install pynvml directly, please report this to the maintainers of the package that installed pynvml for you.
  import pynvml  # type: ignore[import]
[proj] engaged: D=16 R*s=0.0246002 res=82 cells=551368 cell_div=2 shell=125 s=0.322571 var=0.996251 O=64
[proj] engaged: D=16 R*s=0.0246002 res=82 cells=551368 cell_div=2 shell=125 s=0.322571 var=0.996252 O=64
[proj] engaged: D=16 R*s=0.0246002 res=82 cells=551368 cell_div=2 shell=125 s=0.322571 var=0.996251 O=64
[proj] engaged: D=16 R*s=0.0246002 res=82 cells=551368 cell_div=2 shell=125 s=0.322571 var=0.99625 O=64
[proj] engaged: D=16 R*s=0.0246002 res=82 cells=551368 cell_div=2 shell=125 s=0.322571 var=0.99625 O=64
[proj] engaged: D=16 R*s=0.0246002 res=82 cells=551368 cell_div=2 shell=125 s=0.322571 var=0.996251 O=64
[proj] engaged: D=16 R*s=0.0246002 res=82 cells=551368 cell_div=2 shell=125 s=0.322571 var=0.99625 O=64
[proj] engaged: D=16 R*s=0.0246002 res=82 cells=551368 cell_div=2 shell=125 s=0.322571 var=0.996251 O=64
[proj] engaged: D=16 R*s=0.0246002 res=82 cells=551368 cell_div=2 shell=125 s=0.322571 var=0.99625 O=64
[proj] engaged: D=16 R*s=0.0246002 res=82 cells=551368 cell_div=2 shell=125 s=0.322571 var=0.99625 O=64
[proj] engaged: D=16 R*s=0.0246002 res=82 cells=551368 cell_div=2 shell=125 s=0.322571 var=0.996249 O=64
[proj] engaged: D=16 R*s=0.0246002 res=82 cells=551368 cell_div=2 shell=125 s=0.322571 var=0.99625 O=64
[proj] engaged: D=16 R*s=0.0246002 res=82 cells=551368 cell_div=2 shell=125 s=0.322571 var=0.99625 O=64
[proj] engaged: D=16 R*s=0.0246002 res=82 cells=551368 cell_div=2 shell=125 s=0.322571 var=0.99625 O=64
[proj] engaged: D=16 R*s=0.0246002 res=82 cells=551368 cell_div=2 shell=125 s=0.322571 var=0.996253 O=64
[proj] engaged: D=16 R*s=0.0246002 res=82 cells=551368 cell_div=2 shell=125 s=0.322571 var=0.996251 O=64
[proj] engaged: D=16 R*s=0.0246002 res=82 cells=551368 cell_div=2 shell=125 s=0.322571 var=0.996249 O=64
[proj] engaged: D=16 R*s=0.0246002 res=82 cells=551368 cell_div=2 shell=125 s=0.322571 var=0.996252 O=64
[proj] engaged: D=16 R*s=0.0246002 res=82 cells=551368 cell_div=2 shell=125 s=0.322571 var=0.996249 O=64
[proj] engaged: D=16 R*s=0.0246002 res=82 cells=551368 cell_div=2 shell=125 s=0.322571 var=0.996249 O=64
[proj] engaged: D=16 R*s=0.0246002 res=82 cells=551368 cell_div=2 shell=125 s=0.322571 var=0.996252 O=64
[proj] engaged: D=16 R*s=0.0246002 res=82 cells=551368 cell_div=2 shell=125 s=0.322571 var=0.996249 O=64
[proj] engaged: D=16 R*s=0.0246002 res=82 cells=551368 cell_div=2 shell=125 s=0.322571 var=0.99625 O=64
[proj] engaged: D=16 R*s=0.0246002 res=82 cells=551368 cell_div=2 shell=125 s=0.322571 var=0.996249 O=64
[proj] engaged: D=16 R*s=0.0246002 res=82 cells=551368 cell_div=2 shell=125 s=0.322571 var=0.99625 O=64
[proj] engaged: D=16 R*s=0.0246002 res=82 cells=551368 cell_div=2 shell=125 s=0.322571 var=0.99625 O=64
[proj] engaged: D=16 R*s=0.0246002 res=82 cells=551368 cell_div=2 shell=125 s=0.322571 var=0.996249 O=64
[proj] engaged: D=16 R*s=0.0246002 res=82 cells=551368 cell_div=2 shell=125 s=0.322571 var=0.99625 O=64
[proj] engaged: D=16 R*s=0.0246002 res=82 cells=551368 cell_div=2 shell=125 s=0.322571 var=0.99625 O=64
[proj] engaged: D=16 R*s=0.0246002 res=82 cells=551368 cell_div=2 shell=125 s=0.322571 var=0.996251 O=64
[proj] engaged: D=16 R*s=0.0285535 res=71 cells=357911 cell_div=2 shell=125 s=0.376685 var=0.993751 O=64
[proj] engaged: D=16 R*s=0.0285535 res=71 cells=357911 cell_div=2 shell=125 s=0.376685 var=0.99375 O=64
[proj] engaged: D=16 R*s=0.0285535 res=71 cells=357911 cell_div=2 shell=125 s=0.376685 var=0.993749 O=64
[proj] engaged: D=16 R*s=0.0285535 res=71 cells=357911 cell_div=2 shell=125 s=0.376685 var=0.993751 O=64
[proj] engaged: D=16 R*s=0.0285534 res=71 cells=357911 cell_div=2 shell=125 s=0.376685 var=0.993751 O=64
[proj] engaged: D=16 R*s=0.0285535 res=71 cells=357911 cell_div=2 shell=125 s=0.376685 var=0.993749 O=64
[proj] engaged: D=16 R*s=0.0285535 res=71 cells=357911 cell_div=2 shell=125 s=0.376685 var=0.993749 O=64
[proj] engaged: D=16 R*s=0.0285535 res=71 cells=357911 cell_div=2 shell=125 s=0.376685 var=0.99375 O=64
[proj] engaged: D=16 R*s=0.0285535 res=71 cells=357911 cell_div=2 shell=125 s=0.376685 var=0.993749 O=64
[proj] engaged: D=16 R*s=0.0285535 res=71 cells=357911 cell_div=2 shell=125 s=0.376685 var=0.993751 O=64
[proj] engaged: D=16 R*s=0.0285535 res=71 cells=357911 cell_div=2 shell=125 s=0.376685 var=0.993749 O=64
[proj] engaged: D=16 R*s=0.0285535 res=71 cells=357911 cell_div=2 shell=125 s=0.376685 var=0.993751 O=64
[proj] engaged: D=16 R*s=0.0285535 res=71 cells=357911 cell_div=2 shell=125 s=0.376685 var=0.993751 O=64
[proj] engaged: D=16 R*s=0.0285535 res=71 cells=357911 cell_div=2 shell=125 s=0.376685 var=0.99375 O=64
[proj] engaged: D=16 R*s=0.0285534 res=71 cells=357911 cell_div=2 shell=125 s=0.376685 var=0.993751 O=64
[proj] engaged: D=16 R*s=0.0285535 res=71 cells=357911 cell_div=2 shell=125 s=0.376685 var=0.99375 O=64
[proj] engaged: D=16 R*s=0.0285534 res=71 cells=357911 cell_div=2 shell=125 s=0.376685 var=0.993749 O=64
[proj] engaged: D=16 R*s=0.0285535 res=71 cells=357911 cell_div=2 shell=125 s=0.376685 var=0.993749 O=64
[proj] engaged: D=16 R*s=0.0285534 res=71 cells=357911 cell_div=2 shell=125 s=0.376685 var=0.99375 O=64
[proj] engaged: D=16 R*s=0.0285535 res=71 cells=357911 cell_div=2 shell=125 s=0.376685 var=0.99375 O=64
[proj] engaged: D=16 R*s=0.0285535 res=71 cells=357911 cell_div=2 shell=125 s=0.376685 var=0.99375 O=64
[proj] engaged: D=16 R*s=0.0285534 res=71 cells=357911 cell_div=2 shell=125 s=0.376685 var=0.99375 O=64
[proj] engaged: D=16 R*s=0.0285535 res=71 cells=357911 cell_div=2 shell=125 s=0.376685 var=0.993749 O=64
[proj] engaged: D=16 R*s=0.0285534 res=71 cells=357911 cell_div=2 shell=125 s=0.376685 var=0.993749 O=64
[proj] engaged: D=16 R*s=0.0285535 res=71 cells=357911 cell_div=2 shell=125 s=0.376685 var=0.99375 O=64
[proj] engaged: D=16 R*s=0.0285535 res=71 cells=357911 cell_div=2 shell=125 s=0.376685 var=0.993749 O=64
[proj] engaged: D=16 R*s=0.0285534 res=71 cells=357911 cell_div=2 shell=125 s=0.376685 var=0.99375 O=64
[proj] engaged: D=16 R*s=0.0285535 res=71 cells=357911 cell_div=2 shell=125 s=0.376685 var=0.99375 O=64
[proj] engaged: D=16 R*s=0.0285535 res=71 cells=357911 cell_div=2 shell=125 s=0.376685 var=0.99375 O=64
[proj] engaged: D=16 R*s=0.0285534 res=71 cells=357911 cell_div=2 shell=125 s=0.376684 var=0.993749 O=64
[proj] engaged: D=16 R*s=0.0200497 res=100 cells=1000000 cell_div=2 shell=125 s=0.350006 var=0.997532 O=64
[proj] engaged: D=16 R*s=0.0200497 res=100 cells=1000000 cell_div=2 shell=125 s=0.350006 var=0.99753 O=64
[proj] engaged: D=16 R*s=0.0200497 res=100 cells=1000000 cell_div=2 shell=125 s=0.350006 var=0.997529 O=64
[proj] engaged: D=16 R*s=0.0200497 res=100 cells=1000000 cell_div=2 shell=125 s=0.350006 var=0.997531 O=64
[proj] engaged: D=16 R*s=0.0200497 res=100 cells=1000000 cell_div=2 shell=125 s=0.350006 var=0.99753 O=64
[proj] engaged: D=16 R*s=0.0200497 res=100 cells=1000000 cell_div=2 shell=125 s=0.350006 var=0.997529 O=64
[proj] engaged: D=16 R*s=0.0200498 res=100 cells=1000000 cell_div=2 shell=125 s=0.350006 var=0.997528 O=64
[proj] engaged: D=16 R*s=0.0200497 res=100 cells=1000000 cell_div=2 shell=125 s=0.350006 var=0.997531 O=64
[proj] engaged: D=16 R*s=0.0200497 res=100 cells=1000000 cell_div=2 shell=125 s=0.350006 var=0.997528 O=64
[proj] engaged: D=16 R*s=0.0200497 res=100 cells=1000000 cell_div=2 shell=125 s=0.350006 var=0.99753 O=64
[proj] engaged: D=16 R*s=0.0200497 res=100 cells=1000000 cell_div=2 shell=125 s=0.350006 var=0.99753 O=64
[proj] engaged: D=16 R*s=0.0200497 res=100 cells=1000000 cell_div=2 shell=125 s=0.350006 var=0.99753 O=64
[proj] engaged: D=16 R*s=0.0200497 res=100 cells=1000000 cell_div=2 shell=125 s=0.350006 var=0.997531 O=64
[proj] engaged: D=16 R*s=0.0200497 res=100 cells=1000000 cell_div=2 shell=125 s=0.350006 var=0.99753 O=64
[proj] engaged: D=16 R*s=0.0200497 res=100 cells=1000000 cell_div=2 shell=125 s=0.350006 var=0.99753 O=64
[proj] engaged: D=16 R*s=0.0200497 res=100 cells=1000000 cell_div=2 shell=125 s=0.350006 var=0.99753 O=64
[proj] engaged: D=16 R*s=0.0200497 res=100 cells=1000000 cell_div=2 shell=125 s=0.350006 var=0.997529 O=64
[proj] engaged: D=16 R*s=0.0200497 res=100 cells=1000000 cell_div=2 shell=125 s=0.350006 var=0.997529 O=64
[proj] engaged: D=16 R*s=0.0200497 res=100 cells=1000000 cell_div=2 shell=125 s=0.350006 var=0.997529 O=64
[proj] engaged: D=16 R*s=0.0200497 res=100 cells=1000000 cell_div=2 shell=125 s=0.350006 var=0.997528 O=64
[proj] engaged: D=16 R*s=0.0200497 res=100 cells=1000000 cell_div=2 shell=125 s=0.350006 var=0.99753 O=64
[proj] engaged: D=16 R*s=0.0200497 res=100 cells=1000000 cell_div=2 shell=125 s=0.350006 var=0.997531 O=64
[proj] engaged: D=16 R*s=0.0200497 res=100 cells=1000000 cell_div=2 shell=125 s=0.350006 var=0.99753 O=64
[proj] engaged: D=16 R*s=0.0200497 res=100 cells=1000000 cell_div=2 shell=125 s=0.350006 var=0.997532 O=64
[proj] engaged: D=16 R*s=0.0200497 res=100 cells=1000000 cell_div=2 shell=125 s=0.350006 var=0.99753 O=64
[proj] engaged: D=16 R*s=0.0200497 res=100 cells=1000000 cell_div=2 shell=125 s=0.350006 var=0.99753 O=64
[proj] engaged: D=16 R*s=0.0200497 res=100 cells=1000000 cell_div=2 shell=125 s=0.350006 var=0.997531 O=64
[proj] engaged: D=16 R*s=0.0200497 res=100 cells=1000000 cell_div=2 shell=125 s=0.350006 var=0.99753 O=64
[proj] engaged: D=16 R*s=0.0200497 res=100 cells=1000000 cell_div=2 shell=125 s=0.350006 var=0.99753 O=64
[proj] engaged: D=16 R*s=0.0200497 res=100 cells=1000000 cell_div=2 shell=125 s=0.350006 var=0.997531 O=64
[proj] engaged: D=16 R*s=0.0225239 res=89 cells=704969 cell_div=2 shell=125 s=0.398527 var=0.997387 O=64
[proj] engaged: D=16 R*s=0.0225239 res=89 cells=704969 cell_div=2 shell=125 s=0.398526 var=0.997386 O=64
[proj] engaged: D=16 R*s=0.0225239 res=89 cells=704969 cell_div=2 shell=125 s=0.398526 var=0.997386 O=64
[proj] engaged: D=16 R*s=0.0225239 res=89 cells=704969 cell_div=2 shell=125 s=0.398526 var=0.997386 O=64
[proj] engaged: D=16 R*s=0.0225239 res=89 cells=704969 cell_div=2 shell=125 s=0.398526 var=0.997387 O=64
[proj] engaged: D=16 R*s=0.0225239 res=89 cells=704969 cell_div=2 shell=125 s=0.398526 var=0.997385 O=64
[proj] engaged: D=16 R*s=0.0225239 res=89 cells=704969 cell_div=2 shell=125 s=0.398527 var=0.997386 O=64
[proj] engaged: D=16 R*s=0.0225239 res=89 cells=704969 cell_div=2 shell=125 s=0.398526 var=0.997387 O=64
[proj] engaged: D=16 R*s=0.0225239 res=89 cells=704969 cell_div=2 shell=125 s=0.398526 var=0.997387 O=64
[proj] engaged: D=16 R*s=0.0225239 res=89 cells=704969 cell_div=2 shell=125 s=0.398526 var=0.997388 O=64
[proj] engaged: D=16 R*s=0.0225239 res=89 cells=704969 cell_div=2 shell=125 s=0.398527 var=0.997387 O=64
[proj] engaged: D=16 R*s=0.0225239 res=89 cells=704969 cell_div=2 shell=125 s=0.398526 var=0.997386 O=64
[proj] engaged: D=16 R*s=0.0225239 res=89 cells=704969 cell_div=2 shell=125 s=0.398526 var=0.997387 O=64
[proj] engaged: D=16 R*s=0.0225239 res=89 cells=704969 cell_div=2 shell=125 s=0.398526 var=0.997388 O=64
[proj] engaged: D=16 R*s=0.0225239 res=89 cells=704969 cell_div=2 shell=125 s=0.398526 var=0.997387 O=64
[proj] engaged: D=16 R*s=0.0225239 res=89 cells=704969 cell_div=2 shell=125 s=0.398526 var=0.997387 O=64
[proj] engaged: D=16 R*s=0.0225239 res=89 cells=704969 cell_div=2 shell=125 s=0.398527 var=0.997386 O=64
[proj] engaged: D=16 R*s=0.0225239 res=89 cells=704969 cell_div=2 shell=125 s=0.398526 var=0.997387 O=64
[proj] engaged: D=16 R*s=0.0225239 res=89 cells=704969 cell_div=2 shell=125 s=0.398526 var=0.997389 O=64
[proj] engaged: D=16 R*s=0.0225239 res=89 cells=704969 cell_div=2 shell=125 s=0.398526 var=0.997385 O=64
[proj] engaged: D=16 R*s=0.0225239 res=89 cells=704969 cell_div=2 shell=125 s=0.398527 var=0.997386 O=64
[proj] engaged: D=16 R*s=0.0225239 res=89 cells=704969 cell_div=2 shell=125 s=0.398527 var=0.997386 O=64
[proj] engaged: D=16 R*s=0.0225239 res=89 cells=704969 cell_div=2 shell=125 s=0.398526 var=0.997384 O=64
[proj] engaged: D=16 R*s=0.0225239 res=89 cells=704969 cell_div=2 shell=125 s=0.398526 var=0.997385 O=64
[proj] engaged: D=16 R*s=0.0225239 res=89 cells=704969 cell_div=2 shell=125 s=0.398526 var=0.997384 O=64
[proj] engaged: D=16 R*s=0.0225239 res=89 cells=704969 cell_div=2 shell=125 s=0.398526 var=0.997385 O=64
[proj] engaged: D=16 R*s=0.0225239 res=89 cells=704969 cell_div=2 shell=125 s=0.398526 var=0.997386 O=64
[proj] engaged: D=16 R*s=0.0225239 res=89 cells=704969 cell_div=2 shell=125 s=0.398526 var=0.997387 O=64
[proj] engaged: D=16 R*s=0.0225239 res=89 cells=704969 cell_div=2 shell=125 s=0.398527 var=0.997386 O=64
[proj] engaged: D=16 R*s=0.0225239 res=89 cells=704969 cell_div=2 shell=125 s=0.398527 var=0.997387 O=64
[proj] engaged: D=16 R*s=0.0233192 res=86 cells=636056 cell_div=2 shell=125 s=0.404517 var=0.995816 O=64
[proj] engaged: D=16 R*s=0.0233192 res=86 cells=636056 cell_div=2 shell=125 s=0.404517 var=0.995815 O=64
[proj] engaged: D=16 R*s=0.0233192 res=86 cells=636056 cell_div=2 shell=125 s=0.404517 var=0.995813 O=64
[proj] engaged: D=16 R*s=0.0233192 res=86 cells=636056 cell_div=2 shell=125 s=0.404517 var=0.995816 O=64
[proj] engaged: D=16 R*s=0.0233192 res=86 cells=636056 cell_div=2 shell=125 s=0.404517 var=0.995815 O=64
[proj] engaged: D=16 R*s=0.0233192 res=86 cells=636056 cell_div=2 shell=125 s=0.404517 var=0.995815 O=64
[proj] engaged: D=16 R*s=0.0233192 res=86 cells=636056 cell_div=2 shell=125 s=0.404517 var=0.995815 O=64
[proj] engaged: D=16 R*s=0.0233192 res=86 cells=636056 cell_div=2 shell=125 s=0.404517 var=0.995816 O=64
[proj] engaged: D=16 R*s=0.0233192 res=86 cells=636056 cell_div=2 shell=125 s=0.404517 var=0.995817 O=64
[proj] engaged: D=16 R*s=0.0233192 res=86 cells=636056 cell_div=2 shell=125 s=0.404518 var=0.995814 O=64
[proj] engaged: D=16 R*s=0.0233192 res=86 cells=636056 cell_div=2 shell=125 s=0.404517 var=0.995815 O=64
[proj] engaged: D=16 R*s=0.0233192 res=86 cells=636056 cell_div=2 shell=125 s=0.404517 var=0.995815 O=64
[proj] engaged: D=16 R*s=0.0233192 res=86 cells=636056 cell_div=2 shell=125 s=0.404517 var=0.995814 O=64
[proj] engaged: D=16 R*s=0.0233192 res=86 cells=636056 cell_div=2 shell=125 s=0.404517 var=0.995814 O=64
[proj] engaged: D=16 R*s=0.0233192 res=86 cells=636056 cell_div=2 shell=125 s=0.404517 var=0.995814 O=64
[proj] engaged: D=16 R*s=0.0233192 res=86 cells=636056 cell_div=2 shell=125 s=0.404517 var=0.995817 O=64
[proj] engaged: D=16 R*s=0.0233192 res=86 cells=636056 cell_div=2 shell=125 s=0.404517 var=0.995816 O=64
[proj] engaged: D=16 R*s=0.0233192 res=86 cells=636056 cell_div=2 shell=125 s=0.404517 var=0.995817 O=64
[proj] engaged: D=16 R*s=0.0233192 res=86 cells=636056 cell_div=2 shell=125 s=0.404517 var=0.995816 O=64
[proj] engaged: D=16 R*s=0.0233192 res=86 cells=636056 cell_div=2 shell=125 s=0.404518 var=0.995813 O=64
[proj] engaged: D=16 R*s=0.0233192 res=86 cells=636056 cell_div=2 shell=125 s=0.404518 var=0.995815 O=64
[proj] engaged: D=16 R*s=0.0233192 res=86 cells=636056 cell_div=2 shell=125 s=0.404517 var=0.995816 O=64
[proj] engaged: D=16 R*s=0.0233192 res=86 cells=636056 cell_div=2 shell=125 s=0.404517 var=0.995816 O=64
[proj] engaged: D=16 R*s=0.0233192 res=86 cells=636056 cell_div=2 shell=125 s=0.404518 var=0.995816 O=64
[proj] engaged: D=16 R*s=0.0233192 res=86 cells=636056 cell_div=2 shell=125 s=0.404517 var=0.995816 O=64
[proj] engaged: D=16 R*s=0.0233192 res=86 cells=636056 cell_div=2 shell=125 s=0.404517 var=0.995814 O=64
[proj] engaged: D=16 R*s=0.0233192 res=86 cells=636056 cell_div=2 shell=125 s=0.404517 var=0.995814 O=64
[proj] engaged: D=16 R*s=0.0233192 res=86 cells=636056 cell_div=2 shell=125 s=0.404518 var=0.995816 O=64
[proj] engaged: D=16 R*s=0.0233192 res=86 cells=636056 cell_div=2 shell=125 s=0.404517 var=0.995816 O=64
[proj] engaged: D=16 R*s=0.0233192 res=86 cells=636056 cell_div=2 shell=125 s=0.404517 var=0.995814 O=64
[proj] engaged: D=12 R*s=0.0231709 res=87 cells=658503 cell_div=2 shell=125 s=0.431528 var=0.99764 O=64
[proj] engaged: D=12 R*s=0.0231709 res=87 cells=658503 cell_div=2 shell=125 s=0.431528 var=0.997641 O=64
[proj] engaged: D=12 R*s=0.0231709 res=87 cells=658503 cell_div=2 shell=125 s=0.431528 var=0.99764 O=64
[proj] engaged: D=12 R*s=0.0231709 res=87 cells=658503 cell_div=2 shell=125 s=0.431528 var=0.997639 O=64
[proj] engaged: D=12 R*s=0.0231709 res=87 cells=658503 cell_div=2 shell=125 s=0.431528 var=0.99764 O=64
[proj] engaged: D=12 R*s=0.0231709 res=87 cells=658503 cell_div=2 shell=125 s=0.431528 var=0.997641 O=64
[proj] engaged: D=12 R*s=0.0231709 res=87 cells=658503 cell_div=2 shell=125 s=0.431528 var=0.99764 O=64
[proj] engaged: D=12 R*s=0.0231709 res=87 cells=658503 cell_div=2 shell=125 s=0.431528 var=0.997639 O=64
[proj] engaged: D=12 R*s=0.0231709 res=87 cells=658503 cell_div=2 shell=125 s=0.431528 var=0.99764 O=64
[proj] engaged: D=12 R*s=0.0231709 res=87 cells=658503 cell_div=2 shell=125 s=0.431528 var=0.997639 O=64
[proj] engaged: D=12 R*s=0.0231709 res=87 cells=658503 cell_div=2 shell=125 s=0.431528 var=0.997639 O=64
[proj] engaged: D=12 R*s=0.0231709 res=87 cells=658503 cell_div=2 shell=125 s=0.431528 var=0.99764 O=64
[proj] engaged: D=12 R*s=0.0231709 res=87 cells=658503 cell_div=2 shell=125 s=0.431528 var=0.99764 O=64
[proj] engaged: D=12 R*s=0.0231709 res=87 cells=658503 cell_div=2 shell=125 s=0.431528 var=0.99764 O=64
[proj] engaged: D=12 R*s=0.0231709 res=87 cells=658503 cell_div=2 shell=125 s=0.431528 var=0.99764 O=64
[proj] engaged: D=12 R*s=0.0231709 res=87 cells=658503 cell_div=2 shell=125 s=0.431528 var=0.997641 O=64
[proj] engaged: D=12 R*s=0.0231709 res=87 cells=658503 cell_div=2 shell=125 s=0.431528 var=0.99764 O=64
[proj] engaged: D=12 R*s=0.0231709 res=87 cells=658503 cell_div=2 shell=125 s=0.431528 var=0.997639 O=64
[proj] engaged: D=12 R*s=0.0231709 res=87 cells=658503 cell_div=2 shell=125 s=0.431528 var=0.997639 O=64
[proj] engaged: D=12 R*s=0.0231709 res=87 cells=658503 cell_div=2 shell=125 s=0.431528 var=0.997639 O=64
[proj] engaged: D=12 R*s=0.0231709 res=87 cells=658503 cell_div=2 shell=125 s=0.431528 var=0.997639 O=64
[proj] engaged: D=12 R*s=0.0231709 res=87 cells=658503 cell_div=2 shell=125 s=0.431528 var=0.99764 O=64
[proj] engaged: D=12 R*s=0.0231709 res=87 cells=658503 cell_div=2 shell=125 s=0.431528 var=0.99764 O=64
[proj] engaged: D=12 R*s=0.0231709 res=87 cells=658503 cell_div=2 shell=125 s=0.431528 var=0.997641 O=64
[proj] engaged: D=12 R*s=0.0231709 res=87 cells=658503 cell_div=2 shell=125 s=0.431529 var=0.997637 O=64
[proj] engaged: D=12 R*s=0.0231709 res=87 cells=658503 cell_div=2 shell=125 s=0.431528 var=0.997639 O=64
[proj] engaged: D=12 R*s=0.0231709 res=87 cells=658503 cell_div=2 shell=125 s=0.431528 var=0.997637 O=64
[proj] engaged: D=12 R*s=0.0231709 res=87 cells=658503 cell_div=2 shell=125 s=0.431528 var=0.997641 O=64
[proj] engaged: D=12 R*s=0.0231709 res=87 cells=658503 cell_div=2 shell=125 s=0.431528 var=0.99764 O=64
[proj] engaged: D=12 R*s=0.0231709 res=87 cells=658503 cell_div=2 shell=125 s=0.431529 var=0.99764 O=64

=== distribution: lowrank (intrinsic=3, noise=0.02) ===

────────────────────────────────────────────────────────
  D3_N100000  R=0.03316 (calibrated, lowrank)
────────────────────────────────────────────────────────
  FRNN=0.46843149175401777ms  FRNN-proj=Nonems  FAISS=89.96664900041651ms  FlashLib=38.72174900607206ms  xju2=1.1304184881737456ms

────────────────────────────────────────────────────────
  D3_N200000  R=0.02629 (calibrated, lowrank)
────────────────────────────────────────────────────────
  FRNN=0.8730304980417714ms  FRNN-proj=Nonems  FAISS=357.3739050043514ms  FlashLib=129.48065999080427ms  xju2=1.4923045091563836ms

────────────────────────────────────────────────────────
  D3_N300000  R=0.02302 (calibrated, lowrank)
────────────────────────────────────────────────────────
  FRNN=1.5305884880945086ms  FRNN-proj=Nonems  FAISS=811.3887165091ms  FlashLib=273.0848520004656ms  xju2=1.7914684867719188ms

────────────────────────────────────────────────────────
  D3_N400000  R=0.02074 (calibrated, lowrank)
────────────────────────────────────────────────────────
  FRNN=2.3426659899996594ms  FRNN-proj=Nonems  FAISS=1445.013412492699ms  FlashLib=456.1463500140235ms  xju2=2.1510244987439364ms
  !! REGRESSION: FRNN 2.34ms > xju2 2.15ms — see §4.3 diagnostics

────────────────────────────────────────────────────────
  D3_N500000  R=0.01934 (calibrated, lowrank)
────────────────────────────────────────────────────────
  FRNN=3.1806074985070154ms  FRNN-proj=Nonems  FAISS=2244.4358585053124ms  FlashLib=696.7569599946728ms  xju2=2.460784511640668ms
  !! REGRESSION: FRNN 3.18ms > xju2 2.46ms — see §4.3 diagnostics

────────────────────────────────────────────────────────
  D16_N100000  R=0.07626 (calibrated, lowrank)
────────────────────────────────────────────────────────
  FRNN=5.54694450693205ms  FRNN-proj=475.4316460021073ms  FAISS=90.28831499745138ms  FlashLib=38.679332996252924ms  xju2=5.71957349893637ms

────────────────────────────────────────────────────────
  D16_N200000  R=0.07580 (calibrated, lowrank)
────────────────────────────────────────────────────────
  FRNN=17.94585601601284ms  FRNN-proj=1080.8115290128626ms  FAISS=358.60157052229624ms  FlashLib=129.2661865008995ms  xju2=30.288973488495685ms

────────────────────────────────────────────────────────
  D16_N300000  R=0.05728 (calibrated, lowrank)
────────────────────────────────────────────────────────
  FRNN=24.314907001098618ms  FRNN-proj=1403.3373139973264ms  FAISS=816.821082495153ms  FlashLib=273.0482165061403ms  xju2=31.47160800290294ms

────────────────────────────────────────────────────────
  D16_N400000  R=0.05652 (calibrated, lowrank)
────────────────────────────────────────────────────────
  FRNN=35.29190499102697ms  FRNN-proj=1864.7557485091966ms  FAISS=1451.6284275014186ms  FlashLib=455.999827987398ms  xju2=26.177260995609686ms
  !! REGRESSION: FRNN 35.29ms > xju2 26.18ms — see §4.3 diagnostics

────────────────────────────────────────────────────────
  D16_N500000  R=0.05765 (calibrated, lowrank)
────────────────────────────────────────────────────────
  FRNN=53.891084986389615ms  FRNN-proj=2330.773028996191ms  FAISS=2255.9246875025565ms  FlashLib=696.6194134874968ms  xju2=36.577057995600626ms
  !! REGRESSION: FRNN 53.89ms > xju2 36.58ms — see §4.3 diagnostics

────────────────────────────────────────────────────────
  D12_N200000  R=0.05369 (calibrated, lowrank)
────────────────────────────────────────────────────────
  FRNN=11.765496019506827ms  FRNN-proj=1029.7220880165696ms  FAISS=357.31968098843936ms  FlashLib=129.43538899708074ms  xju2=6.570789992110804ms
  !! REGRESSION: FRNN 11.77ms > xju2 6.57ms — see §4.3 diagnostics

→ benchmark_results.json
  → benchmark_comparison.png
