
────────────────────────────────────────────────────────
  D3_N100000  R=0.03368
────────────────────────────────────────────────────────
  FRNN=0.5385049735195935ms  FAISS=93.22737448383123ms  FlashLib=38.74459851067513ms  xju2=1.142406021244824ms

────────────────────────────────────────────────────────
  D3_N200000  R=0.02673
────────────────────────────────────────────────────────
  FRNN=0.9798425016924739ms  FAISS=364.0375574468635ms  FlashLib=129.46389854187146ms  xju2=1.5077574644237757ms

────────────────────────────────────────────────────────
  D3_N300000  R=0.02335
────────────────────────────────────────────────────────
  FRNN=1.6516855102963746ms  FAISS=838.6654434725642ms  FlashLib=273.12852744944394ms  xju2=1.863630022853613ms

────────────────────────────────────────────────────────
  D3_N400000  R=0.02122
────────────────────────────────────────────────────────
  FRNN=2.538578526582569ms  FAISS=1481.6163260256872ms  FlashLib=456.2028314685449ms  xju2=2.1704270620830357ms
  !! REGRESSION: FRNN 2.54ms > xju2 2.17ms — see §4.3 diagnostics

────────────────────────────────────────────────────────
  D3_N500000  R=0.01969
────────────────────────────────────────────────────────
  FRNN=3.4049165551550686ms  FAISS=2281.307150493376ms  FlashLib=696.8056935002096ms  xju2=2.449685998726636ms
  !! REGRESSION: FRNN 3.40ms > xju2 2.45ms — see §4.3 diagnostics

────────────────────────────────────────────────────────
  D16_N100000  R=0.07626
────────────────────────────────────────────────────────
  FRNN=8.415964024607092ms  FAISS=93.93388900207356ms  FlashLib=38.68079598760232ms  xju2=5.706051015295088ms
  !! REGRESSION: FRNN 8.42ms > xju2 5.71ms — see §4.3 diagnostics

────────────────────────────────────────────────────────
  D16_N200000  R=0.07580
────────────────────────────────────────────────────────
  FRNN=31.746383057907224ms  FAISS=365.2045019553043ms  FlashLib=129.27688204217702ms  xju2=30.223736946936697ms
  !! REGRESSION: FRNN 31.75ms > xju2 30.22ms — see §4.3 diagnostics

────────────────────────────────────────────────────────
  D16_N300000  R=0.05728
────────────────────────────────────────────────────────
  FRNN=37.5472970190458ms  FAISS=842.5344104762189ms  FlashLib=273.0862809694372ms  xju2=31.190084002446383ms
  !! REGRESSION: FRNN 37.55ms > xju2 31.19ms — see §4.3 diagnostics

────────────────────────────────────────────────────────
  D16_N400000  R=0.05652
────────────────────────────────────────────────────────
  FRNN=55.001589527819306ms  FAISS=1486.7498525418341ms  FlashLib=455.9943699860014ms  xju2=26.112906460184604ms
  !! REGRESSION: FRNN 55.00ms > xju2 26.11ms — see §4.3 diagnostics

────────────────────────────────────────────────────────
  D16_N500000  R=0.05765
────────────────────────────────────────────────────────
  FRNN=98.89670956181362ms  FAISS=2295.6283599487506ms  FlashLib=696.6238389723003ms  xju2=36.614587472286075ms
  !! REGRESSION: FRNN 98.90ms > xju2 36.61ms — see §4.3 diagnostics

→ benchmark_results.json
  → benchmark_comparison.png
