########## DIST=lowrank ##########

=== distribution: lowrank (intrinsic=3, noise=0.02) ===

────────────────────────────────────────────────────────
  D3_N100000  R=0.03316 (calibrated, lowrank)
────────────────────────────────────────────────────────
  FRNN=0.8502330165356398ms  FRNN-proj=Nonems  FAISS=93.44962798058987ms  FlashLib=38.945819542277604ms  xju2=1.8644785159267485ms

────────────────────────────────────────────────────────
  D3_N200000  R=0.02629 (calibrated, lowrank)
────────────────────────────────────────────────────────
  FRNN=9.14754846598953ms  FRNN-proj=Nonems  FAISS=370.4135584994219ms  FlashLib=308.4739045589231ms  xju2=2.064331027213484ms
  !! REGRESSION: FRNN 9.15ms > xju2 2.06ms — see §4.3 diagnostics

────────────────────────────────────────────────────────
  D3_N300000  R=0.02302 (calibrated, lowrank)
────────────────────────────────────────────────────────
  FRNN=2.5299409753642976ms  FRNN-proj=Nonems  FAISS=840.7306605367921ms  FlashLib=276.5625565079972ms  xju2=2.369957510381937ms
  !! REGRESSION: FRNN 2.53ms > xju2 2.37ms — see §4.3 diagnostics

────────────────────────────────────────────────────────
  D3_N400000  R=0.02074 (calibrated, lowrank)
────────────────────────────────────────────────────────
  FRNN=3.7583960220217705ms  FRNN-proj=Nonems  FAISS=1500.5112894577906ms  FlashLib=470.9669985459186ms  xju2=28.03328901063651ms

────────────────────────────────────────────────────────
  D3_N500000  R=0.01934 (calibrated, lowrank)
────────────────────────────────────────────────────────
  FRNN=5.006577994208783ms  FRNN-proj=Nonems  FAISS=2336.6642280016094ms  FlashLib=717.6173215266317ms  xju2=3.1204164843074977ms
  !! REGRESSION: FRNN 5.01ms > xju2 3.12ms — see §4.3 diagnostics

────────────────────────────────────────────────────────
  D16_N100000  R=0.07626 (calibrated, lowrank)
────────────────────────────────────────────────────────
  FRNN=35.25515354704112ms  FRNN-proj=685.2651139488444ms  FAISS=95.4632475040853ms  FlashLib=39.385171432513744ms  xju2=6.224599026609212ms
  !! REGRESSION: FRNN 35.26ms > xju2 6.22ms — see §4.3 diagnostics

────────────────────────────────────────────────────────
  D16_N200000  R=0.07580 (calibrated, lowrank)
────────────────────────────────────────────────────────
  FRNN=69.47028654394671ms  FRNN-proj=1578.4065854386427ms  FAISS=378.55760304955766ms  FlashLib=315.9812649828382ms  xju2=111.53393698623404ms

────────────────────────────────────────────────────────
  D16_N300000  R=0.05728 (calibrated, lowrank)
────────────────────────────────────────────────────────
  FRNN=91.83179249521345ms  FRNN-proj=2200.7987024844624ms  FAISS=2476.5685700112954ms  FlashLib=738.8617090182379ms  xju2=133.9866310590878ms

────────────────────────────────────────────────────────
  D16_N400000  R=0.05652 (calibrated, lowrank)
────────────────────────────────────────────────────────
  FRNN=217.5090869423002ms  FRNN-proj=2721.733819518704ms  FAISS=4453.778397524729ms  FlashLib=1287.654107552953ms  xju2=103.35901152575389ms
  !! REGRESSION: FRNN 217.51ms > xju2 103.36ms — see §4.3 diagnostics

────────────────────────────────────────────────────────
  D16_N500000  R=0.05765 (calibrated, lowrank)
────────────────────────────────────────────────────────
  [FRNN-proj ERROR] CUDA out of memory. Tried to allocate 1.91 GiB. GPU 0 has a total capacity of 39.49 GiB of which 1.47 GiB is free. Process 2318942 has 588.00 MiB memory in use. Process 1891944 has 14.35 GiB memory in use. Including non-PyTorch memory, this process has 2.43 GiB memory in use. Process 2009833 has 20.63 GiB memory in use. Of the allocated memory 538.80 MiB is allocated by PyTorch, and 5.20 MiB is reserved by PyTorch but unallocated. If reserved but unallocated memory is large try setting PYTORCH_CUDA_ALLOC_CONF=expandable_segments:True to avoid fragmentation.  See documentation for Memory Management  (https://pytorch.org/docs/stable/notes/cuda.html#environment-variables)
  FRNN=246.97535450104624ms  FRNN-proj=Nonems  FAISS=7337.641273974441ms  FlashLib=1896.9528860179707ms  xju2=147.74649852188304ms
  !! REGRESSION: FRNN 246.98ms > xju2 147.75ms — see §4.3 diagnostics

→ benchmark_results.json
  → benchmark_comparison.png
########## DONE lowrank ##########
########## DIST=clustered ##########
