
────────────────────────────────────────────────────────
  D3_N100000  R=0.03368
────────────────────────────────────────────────────────
  FRNN=0.5453785415738821ms  FAISS=93.12217548722401ms  FlashLib=38.7422590283677ms  xju2=1.1424825061112642ms

────────────────────────────────────────────────────────
  D3_N200000  R=0.02673
────────────────────────────────────────────────────────
  FRNN=0.9854339878074825ms  FAISS=364.1093839542009ms  FlashLib=129.39457199536264ms  xju2=1.4935365179553628ms

────────────────────────────────────────────────────────
  D3_N300000  R=0.02335
────────────────────────────────────────────────────────
  FRNN=1.6623524716123939ms  FAISS=838.0515794851817ms  FlashLib=273.013629950583ms  xju2=1.8150769756175578ms

────────────────────────────────────────────────────────
  D3_N400000  R=0.02122
────────────────────────────────────────────────────────
  FRNN=2.5290974881500006ms  FAISS=1480.9435599599965ms  FlashLib=455.9754459769465ms  xju2=2.1559010492637753ms
  !! REGRESSION: FRNN 2.53ms > xju2 2.16ms — see §4.3 diagnostics

────────────────────────────────────────────────────────
  D3_N500000  R=0.01969
────────────────────────────────────────────────────────
  FRNN=3.400631539989263ms  FAISS=2280.79898346914ms  FlashLib=696.6542300651781ms  xju2=2.492471947334707ms
  !! REGRESSION: FRNN 3.40ms > xju2 2.49ms — see §4.3 diagnostics

────────────────────────────────────────────────────────
  D16_N100000  R=0.07626
────────────────────────────────────────────────────────
  FRNN=22.822094557341188ms  FAISS=93.90126599464566ms  FlashLib=38.66698493948206ms  xju2=5.8400704874657094ms
  !! REGRESSION: FRNN 22.82ms > xju2 5.84ms — see §4.3 diagnostics

────────────────────────────────────────────────────────
  D16_N200000  R=0.07580
────────────────────────────────────────────────────────
  FRNN=57.563372945878655ms  FAISS=364.9442885071039ms  FlashLib=129.23901446629316ms  xju2=30.398095957934856ms
  !! REGRESSION: FRNN 57.56ms > xju2 30.40ms — see §4.3 diagnostics

────────────────────────────────────────────────────────
  D16_N300000  R=0.05728
────────────────────────────────────────────────────────
  FRNN=78.60359054757282ms  FAISS=841.7258195113391ms  FlashLib=272.94804947450757ms  xju2=31.674331985414028ms
  !! REGRESSION: FRNN 78.60ms > xju2 31.67ms — see §4.3 diagnostics

────────────────────────────────────────────────────────
  D16_N400000  R=0.05652
────────────────────────────────────────────────────────
  FRNN=109.0897559770383ms  FAISS=1485.1047155098058ms  FlashLib=455.82809153711423ms  xju2=25.989969552028924ms
  !! REGRESSION: FRNN 109.09ms > xju2 25.99ms — see §4.3 diagnostics

────────────────────────────────────────────────────────
  D16_N500000  R=0.05765
────────────────────────────────────────────────────────
  FRNN=162.64274052809924ms  FAISS=2293.77662652405ms  FlashLib=696.4470364619046ms  xju2=36.75808396656066ms
  !! REGRESSION: FRNN 162.64ms > xju2 36.76ms — see §4.3 diagnostics

→ benchmark_results.json
  → benchmark_comparison.png
