
────────────────────────────────────────────────────────
  D3_N10000  R=0.07256
────────────────────────────────────────────────────────
  FRNN=0.39685959927737713ms  FAISS=1.6299333656206727ms  PyG=2.3985010338947177ms  xju2=0.9323159465566278ms

────────────────────────────────────────────────────────
  D3_N25000  R=0.05346
────────────────────────────────────────────────────────
  FRNN=0.46423450112342834ms  FAISS=7.2682814206928015ms  PyG=5.728749558329582ms  xju2=0.9401659481227398ms

────────────────────────────────────────────────────────
  D3_N50000  R=0.04243
────────────────────────────────────────────────────────
  FRNN=0.5903185810893774ms  FAISS=24.36280553229153ms  PyG=12.250910978764296ms  xju2=0.9866865584626794ms

────────────────────────────────────────────────────────
  D3_N75000  R=0.03707
────────────────────────────────────────────────────────
  FRNN=0.7648069877177477ms  FAISS=53.26444003731012ms  PyG=21.389675559476018ms  xju2=1.1117933318018913ms

────────────────────────────────────────────────────────
  D3_N100000  R=0.03368
────────────────────────────────────────────────────────
  FRNN=0.9542289189994335ms  FAISS=93.27529312577099ms  PyG=36.652777111157775ms  xju2=1.1508144671097398ms

────────────────────────────────────────────────────────
  D3_N150000  R=0.02942
────────────────────────────────────────────────────────
  FRNN=1.4146653702482581ms  FAISS=209.87272495403886ms  PyG=79.92058910895139ms  xju2=1.3688619947060943ms
  !! REGRESSION: FRNN 1.41ms > xju2 1.37ms — see §4.3 diagnostics

────────────────────────────────────────────────────────
  D3_N200000  R=0.02673
────────────────────────────────────────────────────────
  FRNN=2.3286209907382727ms  FAISS=363.80255699623376ms  PyG=135.89931349270046ms  xju2=1.4967045281082392ms
  !! REGRESSION: FRNN 2.33ms > xju2 1.50ms — see §4.3 diagnostics

────────────────────────────────────────────────────────
  D16_N10000  R=0.73203
────────────────────────────────────────────────────────
    [xju2] D=16 unsupported (lxxue FRNN is 2D/3D only), skipping
  FRNN=1.7751745181158185ms  FAISS=1.699292566627264ms  PyG=17.16074300929904ms  xju2=Nonems
  !! REGRESSION: FRNN 1.78ms > FAISS 1.70ms — see §4.3 diagnostics

────────────────────────────────────────────────────────
  D16_N25000  R=0.69128
────────────────────────────────────────────────────────
    [xju2] D=16 unsupported (lxxue FRNN is 2D/3D only), skipping
  FRNN=11.850404436700046ms  FAISS=7.090502069331706ms  PyG=42.688951129093766ms  xju2=Nonems
  !! REGRESSION: FRNN 11.85ms > FAISS 7.09ms — see §4.3 diagnostics

────────────────────────────────────────────────────────
  D16_N50000  R=0.66198
────────────────────────────────────────────────────────
    [xju2] D=16 unsupported (lxxue FRNN is 2D/3D only), skipping
  FRNN=49.74304256029427ms  FAISS=24.470399017445743ms  PyG=157.2985724778846ms  xju2=Nonems
  !! REGRESSION: FRNN 49.74ms > FAISS 24.47ms — see §4.3 diagnostics

────────────────────────────────────────────────────────
  D16_N75000  R=0.64541
────────────────────────────────────────────────────────
    [xju2] D=16 unsupported (lxxue FRNN is 2D/3D only), skipping
  FRNN=116.26025394070894ms  FAISS=53.483294090256095ms  PyG=351.9305996596813ms  xju2=Nonems
  !! REGRESSION: FRNN 116.26ms > FAISS 53.48ms — see §4.3 diagnostics

────────────────────────────────────────────────────────
  D16_N100000  R=0.63391
────────────────────────────────────────────────────────
    [xju2] D=16 unsupported (lxxue FRNN is 2D/3D only), skipping
  FRNN=198.3089994173497ms  FAISS=93.964884406887ms  PyG=626.9682459533215ms  xju2=Nonems
  !! REGRESSION: FRNN 198.31ms > FAISS 93.96ms — see §4.3 diagnostics

────────────────────────────────────────────────────────
  D16_N150000  R=0.61805
────────────────────────────────────────────────────────
    [xju2] D=16 unsupported (lxxue FRNN is 2D/3D only), skipping
  FRNN=482.48078604228795ms  FAISS=210.8710096217692ms  PyG=1406.7688405048102ms  xju2=Nonems
  !! REGRESSION: FRNN 482.48ms > FAISS 210.87ms — see §4.3 diagnostics

────────────────────────────────────────────────────────
  D16_N200000  R=0.60703
────────────────────────────────────────────────────────
    [xju2] D=16 unsupported (lxxue FRNN is 2D/3D only), skipping
  FRNN=809.0126775205135ms  FAISS=364.9328035535291ms  PyG=2499.459672952071ms  xju2=Nonems
  !! REGRESSION: FRNN 809.01ms > FAISS 364.93ms — see §4.3 diagnostics

→ benchmark_results.json
  → benchmark_comparison.png
