/global/common/software/nersc9/pytorch/2.8.0/lib/python3.12/site-packages/torch/cuda/__init__.py:63: FutureWarning: The pynvml package is deprecated. Please install nvidia-ml-py instead. If you did not install pynvml directly, please report this to the maintainers of the package that installed pynvml for you.
  import pynvml  # type: ignore[import]

=== distribution: lowrank (intrinsic=3, noise=0.02) ===

────────────────────────────────────────────────────────
  D3_N100000  R=0.03316 (calibrated, lowrank)
────────────────────────────────────────────────────────
  FRNN=0.4693810042226687ms  FRNN-proj=Nonems  FAISS=89.98395550588612ms  FlashLib=38.73142749944236ms  xju2=1.1207489878870547ms

────────────────────────────────────────────────────────
  D3_N200000  R=0.02629 (calibrated, lowrank)
────────────────────────────────────────────────────────
  FRNN=0.8730305125936866ms  FRNN-proj=Nonems  FAISS=357.2316734935157ms  FlashLib=129.41341151599772ms  xju2=1.4641815068898723ms

────────────────────────────────────────────────────────
  D3_N300000  R=0.02302 (calibrated, lowrank)
────────────────────────────────────────────────────────
  FRNN=1.5295324992621318ms  FRNN-proj=Nonems  FAISS=811.4859019988216ms  FlashLib=273.0496730073355ms  xju2=1.7642910097492859ms

────────────────────────────────────────────────────────
  D3_N400000  R=0.02074 (calibrated, lowrank)
────────────────────────────────────────────────────────
  FRNN=2.3365004890365526ms  FRNN-proj=Nonems  FAISS=1444.2570395040093ms  FlashLib=456.0481020016596ms  xju2=2.1199619950493798ms
  !! REGRESSION: FRNN 2.34ms > xju2 2.12ms — see §4.3 diagnostics

────────────────────────────────────────────────────────
  D3_N500000  R=0.01934 (calibrated, lowrank)
────────────────────────────────────────────────────────
  FRNN=3.17918200744316ms  FRNN-proj=Nonems  FAISS=2244.2289705068106ms  FlashLib=696.7248324945103ms  xju2=2.406304993201047ms
  !! REGRESSION: FRNN 3.18ms > xju2 2.41ms — see §4.3 diagnostics

────────────────────────────────────────────────────────
  D16_N100000  R=0.07626 (calibrated, lowrank)
────────────────────────────────────────────────────────
  FRNN=5.757329490734264ms  FRNN-proj=471.4668099913979ms  FAISS=90.32950350956526ms  FlashLib=38.67158750654198ms  xju2=5.652431500493549ms
  !! REGRESSION: FRNN 5.76ms > xju2 5.65ms — see §4.3 diagnostics

────────────────────────────────────────────────────────
  D16_N200000  R=0.07580 (calibrated, lowrank)
────────────────────────────────────────────────────────
  FRNN=19.105776998912916ms  FRNN-proj=1071.8238914996618ms  FAISS=358.61352998472285ms  FlashLib=129.25183100742288ms  xju2=30.520316999172792ms

────────────────────────────────────────────────────────
  D16_N300000  R=0.05728 (calibrated, lowrank)
────────────────────────────────────────────────────────
  FRNN=25.87267549824901ms  FRNN-proj=1390.1893849979388ms  FAISS=816.6290150111308ms  FlashLib=273.0122439970728ms  xju2=31.18814701156225ms

────────────────────────────────────────────────────────
  D16_N400000  R=0.05652 (calibrated, lowrank)
────────────────────────────────────────────────────────
  FRNN=37.73299450404011ms  FRNN-proj=1852.2196664853254ms  FAISS=1451.657076497213ms  FlashLib=455.9055434947368ms  xju2=25.973345997044817ms
  !! REGRESSION: FRNN 37.73ms > xju2 25.97ms — see §4.3 diagnostics

────────────────────────────────────────────────────────
  D16_N500000  R=0.05765 (calibrated, lowrank)
────────────────────────────────────────────────────────
  FRNN=56.99994899623562ms  FRNN-proj=2310.8043460088084ms  FAISS=2255.6374025007244ms  FlashLib=696.5521764941514ms  xju2=36.69355250895023ms
  !! REGRESSION: FRNN 57.00ms > xju2 36.69ms — see §4.3 diagnostics

→ benchmark_results.json
  → benchmark_comparison.png
