
────────────────────────────────────────────────────────
  D3_N100000  R=0.03368
────────────────────────────────────────────────────────
  FRNN=0.5476059741340578ms  FAISS=93.0178634589538ms  PyG=36.747621023096144ms  xju2=1.1329054832458496ms

────────────────────────────────────────────────────────
  D3_N150000  R=0.02942
────────────────────────────────────────────────────────
  FRNN=0.7787219365127385ms  FAISS=209.48869455605745ms  PyG=80.01313952263445ms  xju2=1.3456055312417448ms

────────────────────────────────────────────────────────
  D3_N200000  R=0.02673
────────────────────────────────────────────────────────
  FRNN=0.975270988419652ms  FAISS=363.4635049966164ms  PyG=136.08276296872646ms  xju2=1.484999491367489ms

────────────────────────────────────────────────────────
  D3_N500000  R=0.01969
────────────────────────────────────────────────────────
  FRNN=3.400177985895425ms  FAISS=2279.630809498485ms  PyG=754.0420204750262ms  xju2=2.441900025587529ms
  !! REGRESSION: FRNN 3.40ms > xju2 2.44ms — see §4.3 diagnostics

────────────────────────────────────────────────────────
  D16_N100000  R=0.63391
────────────────────────────────────────────────────────
  FRNN=46.33492202265188ms  FAISS=93.70287100318819ms  PyG=627.2855675197206ms  xju2=95.63437453471124ms

────────────────────────────────────────────────────────
  D16_N150000  R=0.61805
────────────────────────────────────────────────────────
  FRNN=102.77333704289049ms  FAISS=210.18646098673344ms  PyG=1407.6799800386652ms  xju2=200.10639453539625ms

────────────────────────────────────────────────────────
  D16_N200000  R=0.60703
────────────────────────────────────────────────────────
  FRNN=181.30399199435487ms  FAISS=364.2256094608456ms  PyG=2501.3808959629387ms  xju2=314.9324089754373ms

────────────────────────────────────────────────────────
  D16_N500000  R=0.57325
────────────────────────────────────────────────────────
  FRNN=1117.994214524515ms  FAISS=2288.898315455299ms  PyG=14807.07755550975ms  xju2=2030.9521135059185ms

→ benchmark_results.json
  → benchmark_comparison.png
