
────────────────────────────────────────────────────────
  D3_N100000  R=0.03368
────────────────────────────────────────────────────────
  FRNN=0.5468794843181968ms  FAISS=92.96497149625793ms  FlashLib=38.7389330426231ms  xju2=1.1802814551629126ms

────────────────────────────────────────────────────────
  D3_N200000  R=0.02673
────────────────────────────────────────────────────────
  FRNN=0.9905045735649765ms  FAISS=363.2417249609716ms  FlashLib=129.41051699453965ms  xju2=1.4923365088179708ms

────────────────────────────────────────────────────────
  D3_N300000  R=0.02335
────────────────────────────────────────────────────────
  FRNN=1.6564744873903692ms  FAISS=837.1743190218695ms  FlashLib=273.0650404118933ms  xju2=1.7803589580580592ms

────────────────────────────────────────────────────────
  D3_N400000  R=0.02122
────────────────────────────────────────────────────────
  FRNN=2.531474514398724ms  FAISS=1478.9347450132482ms  FlashLib=456.0340239549987ms  xju2=2.159619005396962ms
  !! REGRESSION: FRNN 2.53ms > xju2 2.16ms — see §4.3 diagnostics

────────────────────────────────────────────────────────
  D3_N500000  R=0.01969
────────────────────────────────────────────────────────
  FRNN=3.4088545362465084ms  FAISS=2277.4305655038916ms  FlashLib=696.7028565122746ms  xju2=2.4817074881866574ms
  !! REGRESSION: FRNN 3.41ms > xju2 2.48ms — see §4.3 diagnostics

────────────────────────────────────────────────────────
  D16_N100000  R=0.63391
────────────────────────────────────────────────────────
  FRNN=85.59712703572586ms  FAISS=93.71951402863488ms  FlashLib=38.67627796716988ms  xju2=95.48130742041394ms
  !! REGRESSION: FRNN 85.60ms > FlashLib 38.68ms — see §4.3 diagnostics

────────────────────────────────────────────────────────
  D16_N200000  R=0.60703
────────────────────────────────────────────────────────
  FRNN=271.27323555760086ms  FAISS=364.11065550055355ms  FlashLib=129.33600903488696ms  xju2=313.0295050214045ms
  !! REGRESSION: FRNN 271.27ms > FlashLib 129.34ms — see §4.3 diagnostics

────────────────────────────────────────────────────────
  D16_N300000  R=0.59184
────────────────────────────────────────────────────────
  FRNN=556.3676424790174ms  FAISS=840.9378234646283ms  FlashLib=272.9765464900993ms  xju2=656.0360389994457ms
  !! REGRESSION: FRNN 556.37ms > FlashLib 272.98ms — see §4.3 diagnostics

────────────────────────────────────────────────────────
  D16_N400000  R=0.58130
────────────────────────────────────────────────────────
  FRNN=967.9902059724554ms  FAISS=1483.0981899867766ms  FlashLib=455.96876653144136ms  xju2=1339.5940534537658ms
  !! REGRESSION: FRNN 967.99ms > FlashLib 455.97ms — see §4.3 diagnostics

────────────────────────────────────────────────────────
  D16_N500000  R=0.57325
────────────────────────────────────────────────────────
  FRNN=1561.9986644596793ms  FAISS=2289.013467496261ms  FlashLib=696.6112540103495ms  xju2=2014.3916735542007ms
  !! REGRESSION: FRNN 1562.00ms > FlashLib 696.61ms — see §4.3 diagnostics

→ benchmark_results.json
  → benchmark_comparison.png
